Microchip MPLAB XC8 Compiler V2.10 ()

Linker command line:

-W-3 --edf=C:\Program Files (x86)\Microchip\xc8\v2.10\pic\dat\en_msgs.txt \
  -cs -h+dist/default/production\Guardia.X.production.sym \
  --cmf=dist/default/production\Guardia.X.production.cmf -z -Q16F887 \
  -oC:\Users\joser\AppData\Local\Temp\sdbc.2 --defsym=__MPLAB_BUILD=1 \
  -Mdist/default/production/Guardia.X.production.map -E1 -ver=XC8 \
  --acfsm=1493 -ASTACK=0110h-016Fh -pstack=STACK -ACODE=00h-07FFhx4 \
  -ASTRCODE=00h-01FFFh -ASTRING=00h-0FFhx32 -ACONST=00h-0FFhx32 \
  -AENTRY=00h-0FFhx32 -ACOMMON=070h-07Fh -ABANK0=020h-06Fh \
  -ABANK1=0A0h-0EFh -ABANK2=0110h-016Fh -ABANK3=0190h-01EFh \
  -ARAM=020h-06Fh,0A0h-0EFh,0110h-016Fh,0190h-01EFh \
  -AABS1=020h-07Fh,0A0h-0EFh,0110h-016Fh,0190h-01EFh -ASFR0=00h-01Fh \
  -ASFR1=080h-09Fh -ASFR2=0100h-010Fh -ASFR3=0180h-018Fh \
  -preset_vec=00h,intentry,init,end_init -ppowerup=CODE -pcinit=CODE \
  -pfunctab=ENTRY -ACONFIG=02007h-02008h -pconfig=CONFIG -DCONFIG=2 \
  -AIDLOC=02000h-02003h -pidloc=IDLOC -DIDLOC=2 -AEEDATA=00h-0FFh/02100h \
  -peeprom_data=EEDATA -DEEDATA=2 -DCODE=2 -DSTRCODE=2 -DSTRING=2 -DCONST=2 \
  -DENTRY=2 -k C:\Users\joser\AppData\Local\Temp\sdbc.o \
  dist/default/production\Guardia.X.production.o 

Object code version is 3.11

Machine type is 16F887



                Name                               Link     Load   Length Selector   Space Scale
C:\Users\joser\AppData\Local\Temp\sdbc.o
                end_init                              0        0        3        0       0
                config                             2007     2007        2     400E       0
dist/default/production\Guardia.X.production.o
                cinit                               7EF      7EF       11      FDE       0
                text23                                4        4       66        8       0
                text22                              EBA      EBA       38     1D74       0
                text21                              DB6      DB6        D     1B6C       0
                text20                              E5B      E5B       2E     1CB6       0
                text19                              D9A      D9A        9     1B34       0
                text18                              DA3      DA3        9     1B46       0
                text17                              DAC      DAC        A     1B58       0
                text16                              DE8      DE8       14     1BD0       0
                text15                              DD5      DD5       13     1BAA       0
                text14                              E10      E10       24     1C20       0
                text13                               6A       6A       67       D4       0
                text12                              F46      F46       59     1E8C       0
                text11                              E34      E34       27     1C68       0
                text10                              48E      48E      361      91C       0
                text9                                D1       D1       7C      1A2       0
                text8                               36C      36C      122      6D8       0
                text7                               E89      E89       31     1D12       0
                text6                               EF2      EF2       54     1DE4       0
                text5                               F9F      F9F       61     1F3E       0
                text4                               DFC      DFC       14     1BF8       0
                text3                               1D5      1D5       A2      3AA       0
                text2                               14D      14D       88      29A       0
                text1                               DC3      DC3       12     1B86       0
                maintext                            277      277       F5      4EE       0
                cstackBANK0                          4B       4B       25       20       1
                cstackCOMMON                         70       70        E       70       1
                clrtext                             D92      D92        8     1B24       0
                bssBANK1                             A0       A0        2       A0       1
                bssBANK0                             20       20       2B       20       1
                strings                             800      800       1E     1000       0

TOTAL           Name                               Link     Load   Length     Space
        CLASS   STACK          

        CLASS   CODE           
                end_init                              0        0        3         0
                cinit                               7EF      7EF       11         0
                text23                                4        4       66         0
                text22                              EBA      EBA       38         0
                text21                              DB6      DB6        D         0
                text20                              E5B      E5B       2E         0
                text19                              D9A      D9A        9         0
                text18                              DA3      DA3        9         0
                text17                              DAC      DAC        A         0
                text16                              DE8      DE8       14         0
                text15                              DD5      DD5       13         0
                text14                              E10      E10       24         0
                text13                               6A       6A       67         0
                text12                              F46      F46       59         0
                text11                              E34      E34       27         0
                text10                              48E      48E      361         0
                text9                                D1       D1       7C         0
                text8                               36C      36C      122         0
                text7                               E89      E89       31         0
                text6                               EF2      EF2       54         0
                text5                               F9F      F9F       61         0
                text4                               DFC      DFC       14         0
                text3                               1D5      1D5       A2         0
                text2                               14D      14D       88         0
                text1                               DC3      DC3       12         0
                maintext                            277      277       F5         0
                clrtext                             D92      D92        8         0

        CLASS   STRCODE        

        CLASS   STRING         
                strings                             800      800       1E         0

        CLASS   CONST          

        CLASS   ENTRY          

        CLASS   COMMON         
                cstackCOMMON                         70       70        E         1

        CLASS   BANK0          
                cstackBANK0                          4B       4B       25         1
                bssBANK0                             20       20       2B         1

        CLASS   BANK1          
                bssBANK1                             A0       A0        2         1

        CLASS   BANK2          

        CLASS   BANK3          

        CLASS   RAM            

        CLASS   ABS1           
                abs_s1                               7E       7E        2         1

        CLASS   SFR0           

        CLASS   SFR1           

        CLASS   SFR2           

        CLASS   SFR3           

        CLASS   CONFIG         
                config                             2007     2007        2         0

        CLASS   IDLOC          

        CLASS   EEDATA         



SEGMENTS        Name                           Load    Length   Top    Selector   Space  Class     Delta

                reset_vec                      000000  000003  000003         0       0  CODE        2
                text23                         000004  000066  00006A         8       0  CODE        2
                bssBANK0                       000020  000050  000070        20       1  BANK0       1
                cstackCOMMON                   000070  00000E  00007E        70       1  COMMON      1
                bssBANK1                       0000A0  000002  0000A2        A0       1  BANK1       1
                text13                         00006A  000067  0000D1        D4       0  CODE        2
                text9                          0000D1  00007C  00014D       1A2       0  CODE        2
                text2                          00014D  000088  0001D5       29A       0  CODE        2
                text3                          0001D5  0000A2  000277       3AA       0  CODE        2
                maintext                       000277  0000F5  00036C       4EE       0  CODE        2
                text8                          00036C  000122  00048E       6D8       0  CODE        2
                text10                         00048E  000361  0007EF       91C       0  CODE        2
                cinit                          0007EF  000011  000800       FDE       0  CODE        2
                strings                        000800  00001E  00081E      1000       0  STRING      2
                clrtext                        000D92  000008  000D9A      1B24       0  CODE        2
                text19                         000D9A  000009  000DA3      1B34       0  CODE        2
                text18                         000DA3  000009  000DAC      1B46       0  CODE        2
                text17                         000DAC  00000A  000DB6      1B58       0  CODE        2
                text21                         000DB6  00000D  000DC3      1B6C       0  CODE        2
                text1                          000DC3  000012  000DD5      1B86       0  CODE        2
                text15                         000DD5  000013  000DE8      1BAA       0  CODE        2
                text16                         000DE8  000014  000DFC      1BD0       0  CODE        2
                text4                          000DFC  000014  000E10      1BF8       0  CODE        2
                text14                         000E10  000024  000E34      1C20       0  CODE        2
                text11                         000E34  000027  000E5B      1C68       0  CODE        2
                text20                         000E5B  00002E  000E89      1CB6       0  CODE        2
                text7                          000E89  000031  000EBA      1D12       0  CODE        2
                text22                         000EBA  000038  000EF2      1D74       0  CODE        2
                text6                          000EF2  000054  000F46      1DE4       0  CODE        2
                text12                         000F46  000059  000F9F      1E8C       0  CODE        2
                text5                          000F9F  000061  001000      1F3E       0  CODE        2
                config                         002007  000002  002009      400E       0  CONFIG      2


UNUSED ADDRESS RANGES

        Name                Unused          Largest block    Delta
        BANK1            00A2-00EF             4E           1
        BANK2            0110-016F             60           1
        BANK3            0190-01EF             60           1
        CODE             0003-0003              1           2
                         081E-0D91            574
                         1000-1FFF            800
        CONST            0003-0003              1           2
                         081E-0D91            100
                         1000-1FFF            100
        EEDATA           2100-21FF            100           2
        ENTRY            0003-0003              1           2
                         081E-0D91            100
                         1000-1FFF            100
        IDLOC            2000-2003              4           2
        RAM              00A2-00EF             4E           1
                         0110-016F             60
                         0190-01EF             60
        SFR0             0000-001F             20           1
        SFR1             0080-009F             20           1
        SFR2             0100-010F             10           1
        SFR3             0180-018F             10           1
        STACK            0110-016F             60           1
        STRCODE          0003-0003              1           2
                         081E-0D91            574
                         1000-1FFF           1000
        STRING           0003-0003              1           2
                         081E-0D91            100
                         1000-1FFF            100

                                  Symbol Table

?_I2C_Master_Read          cstackCOMMON 0070
?__Umul8_16                cstackCOMMON 0070
?___awdiv                  cstackCOMMON 0070
?___awmod                  cstackCOMMON 0070
?___flmul                  cstackBANK0  004B
?___fltol                  cstackBANK0  0060
?___lldiv                  cstackCOMMON 0070
I2C_Master_Init@c          cstackBANK0  004B
I2C_Master_Read@a          cstackCOMMON 0070
I2C_Master_Read@temp       cstackCOMMON 0074
I2C_Master_Write@d         cstackCOMMON 0070
_ANSEL                     (abs)        0188
_ANSELH                    (abs)        0189
_Fotor                     bssBANK0     0049
_Humo                      bssBANK0     0046
_I2C_Master_Init           text22       0EBA
_I2C_Master_Read           text20       0E5B
_I2C_Master_Start          text19       0D9A
_I2C_Master_Stop           text18       0DA3
_I2C_Master_Wait           text21       0DB6
_I2C_Master_Write          text17       0DAC
_Luz                       bssBANK0     0044
_OSCCONbits                (abs)        008F
_PORTA                     (abs)        0005
_PORTAbits                 (abs)        0005
_PORTB                     (abs)        0006
_PORTC                     (abs)        0007
_PORTDbits                 (abs)        0008
_SSPADD                    (abs)        0093
_SSPBUF                    (abs)        0013
_SSPCON                    (abs)        0014
_SSPCON2                   (abs)        0091
_SSPCON2bits               (abs)        0091
_SSPSTAT                   (abs)        0094
_TRISA                     (abs)        0085
_TRISAbits                 (abs)        0085
_TRISB                     (abs)        0086
_TRISCbits                 (abs)        0087
_TRISDbits                 (abs)        0088
_Tempe                     bssBANK0     0020
__CFG_BOR4V$BOR40V         (abs)        0000
__CFG_BOREN$OFF            (abs)        0000
__CFG_CP$OFF               (abs)        0000
__CFG_CPD$OFF              (abs)        0000
__CFG_FCMEN$OFF            (abs)        0000
__CFG_FOSC$INTRC_NOCLKOUT  (abs)        0000
__CFG_IESO$OFF             (abs)        0000
__CFG_LVP$OFF              (abs)        0000
__CFG_MCLRE$OFF            (abs)        0000
__CFG_PWRTE$OFF            (abs)        0000
__CFG_WDTE$OFF             (abs)        0000
__CFG_WRT$OFF              (abs)        0000
__Habs1                    abs1         0000
__Hbank0                   bank0        0000
__Hbank1                   bank1        0000
__Hbank2                   bank2        0000
__Hbank3                   bank3        0000
__HbssBANK0                bssBANK0     0000
__HbssBANK1                bssBANK1     0000
__Hcinit                   cinit        0800
__Hclrtext                 clrtext      0000
__Hcode                    code         0000
__Hcommon                  common       0000
__Hconfig                  config       2009
__HcstackBANK0             cstackBANK0  0000
__HcstackCOMMON            cstackCOMMON 0000
__Heeprom_data             eeprom_data  0000
__Hend_init                end_init     0003
__Hfunctab                 functab      0000
__Hidloc                   idloc        0000
__Hinit                    init         0000
__Hintentry                intentry     0000
__Hmaintext                maintext     0000
__Hpowerup                 powerup      0000
__Hram                     ram          0000
__Hreset_vec               reset_vec    0000
__Hsfr0                    sfr0         0000
__Hsfr1                    sfr1         0000
__Hsfr2                    sfr2         0000
__Hsfr3                    sfr3         0000
__Hspace_0                 (abs)        2009
__Hspace_1                 (abs)        00A2
__Hspace_2                 (abs)        0000
__Hspace_3                 (abs)        0000
__Hstack                   stack        0000
__Hstrings                 strings      0000
__Htext                    text         0000
__Labs1                    abs1         0000
__Lbank0                   bank0        0000
__Lbank1                   bank1        0000
__Lbank2                   bank2        0000
__Lbank3                   bank3        0000
__LbssBANK0                bssBANK0     0000
__LbssBANK1                bssBANK1     0000
__Lcinit                   cinit        07EF
__Lclrtext                 clrtext      0000
__Lcode                    code         0000
__Lcommon                  common       0000
__Lconfig                  config       2007
__LcstackBANK0             cstackBANK0  0000
__LcstackCOMMON            cstackCOMMON 0000
__Leeprom_data             eeprom_data  0000
__Lend_init                end_init     0000
__Lfunctab                 functab      0000
__Lidloc                   idloc        0000
__Linit                    init         0000
__Lintentry                intentry     0000
__Lmaintext                maintext     0000
__Lpowerup                 powerup      0000
__Lram                     ram          0000
__Lreset_vec               reset_vec    0000
__Lsfr0                    sfr0         0000
__Lsfr1                    sfr1         0000
__Lsfr2                    sfr2         0000
__Lsfr3                    sfr3         0000
__Lspace_0                 (abs)        0000
__Lspace_1                 (abs)        0000
__Lspace_2                 (abs)        0000
__Lspace_3                 (abs)        0000
__Lstack                   stack        0000
__Lstrings                 strings      0000
__Ltext                    text         0000
__S0                       (abs)        2009
__S1                       (abs)        00A2
__S2                       (abs)        0000
__S3                       (abs)        0000
__Umul8_16                 text11       0E34
__Umul8_16@multiplicand    cstackCOMMON 0070
__Umul8_16@multiplier      cstackCOMMON 0078
__Umul8_16@product         cstackCOMMON 0074
__Umul8_16@word_mpld       cstackCOMMON 0076
___awdiv                   text13       006A
___awdiv@counter           cstackCOMMON 0075
___awdiv@dividend          cstackCOMMON 0072
___awdiv@divisor           cstackCOMMON 0070
___awdiv@quotient          cstackCOMMON 0077
___awdiv@sign              cstackCOMMON 0076
___awmod                   text12       0F46
___awmod@counter           cstackCOMMON 0075
___awmod@dividend          cstackCOMMON 0072
___awmod@divisor           cstackCOMMON 0070
___awmod@sign              cstackCOMMON 0076
___flge                    text3        01D5
___flge@ff1                cstackCOMMON 0070
___flge@ff2                cstackCOMMON 0074
___flmul                   text10       048E
___flmul@a                 cstackBANK0  004F
___flmul@aexp              cstackBANK0  0058
___flmul@b                 cstackBANK0  004B
___flmul@bexp              cstackBANK0  0059
___flmul@grs               cstackBANK0  0054
___flmul@prod              cstackBANK0  005A
___flmul@sign              cstackBANK0  0053
___flmul@temp              cstackBANK0  005E
___fltol                   text9        00D1
___fltol@exp1              cstackBANK0  006A
___fltol@f1                cstackBANK0  0060
___fltol@sign1             cstackBANK0  0069
___int_sp                  stack        0000
___latbits                 (abs)        0002
___lldiv                   text23       0004
___lldiv@counter           cstackCOMMON 007D
___lldiv@dividend          cstackCOMMON 0074
___lldiv@divisor           cstackCOMMON 0070
___lldiv@quotient          cstackCOMMON 0079
___sp                      stack        0000
___stackhi                 (abs)        0000
___stacklo                 (abs)        0000
__end_of_I2C_Master_Init   text22       0EF2
__end_of_I2C_Master_Read   text20       0E89
__end_of_I2C_Master_Start  text19       0DA3
__end_of_I2C_Master_Stop   text18       0DAC
__end_of_I2C_Master_Wait   text21       0DC3
__end_of_I2C_Master_Write  text17       0DB6
__end_of__Umul8_16         text11       0E5B
__end_of___awdiv           text13       00D1
__end_of___awmod           text12       0F9F
__end_of___flge            text3        0277
__end_of___flmul           text10       07EF
__end_of___fltol           text9        014D
__end_of___lldiv           text23       006A
__end_of__initialization   cinit        07FC
__end_of__stringtab        strings      0806
__end_of_a                 strings      0810
__end_of_borrarv           text15       0DE8
__end_of_colocar           text14       0E34
__end_of_comando           text16       0DFC
__end_of_conversion        text8        048E
__end_of_imprimir          text7        0EBA
__end_of_iniciarLCD        text6        0F46
__end_of_iniciarOSC        text5        1000
__end_of_main              maintext     036C
__end_of_mostrar           text4        0E10
__end_of_on_off            text2        01D5
__end_of_setup             text1        0DD5
__initialization           cinit        07EF
__pbssBANK0                bssBANK0     0020
__pbssBANK1                bssBANK1     00A0
__pcstackBANK0             cstackBANK0  004B
__pcstackCOMMON            cstackCOMMON 0070
__pmaintext                maintext     0277
__pstrings                 strings      0800
__ptext1                   text1        0DC3
__ptext10                  text10       048E
__ptext11                  text11       0E34
__ptext12                  text12       0F46
__ptext13                  text13       006A
__ptext14                  text14       0E10
__ptext15                  text15       0DD5
__ptext16                  text16       0DE8
__ptext17                  text17       0DAC
__ptext18                  text18       0DA3
__ptext19                  text19       0D9A
__ptext2                   text2        014D
__ptext20                  text20       0E5B
__ptext21                  text21       0DB6
__ptext22                  text22       0EBA
__ptext23                  text23       0004
__ptext3                   text3        01D5
__ptext4                   text4        0DFC
__ptext5                   text5        0F9F
__ptext6                   text6        0EF2
__ptext7                   text7        0E89
__ptext8                   text8        036C
__ptext9                   text9        00D1
__size_of_I2C_Master_Init  (abs)        0000
__size_of_I2C_Master_Read  (abs)        0000
__size_of_I2C_Master_Start (abs)        0000
__size_of_I2C_Master_Stop  (abs)        0000
__size_of_I2C_Master_Wait  (abs)        0000
__size_of_I2C_Master_Write (abs)        0000
__size_of__Umul8_16        (abs)        0000
__size_of___awdiv          (abs)        0000
__size_of___awmod          (abs)        0000
__size_of___flge           (abs)        0000
__size_of___flmul          (abs)        0000
__size_of___fltol          (abs)        0000
__size_of___lldiv          (abs)        0000
__size_of_borrarv          (abs)        0000
__size_of_colocar          (abs)        0000
__size_of_comando          (abs)        0000
__size_of_conversion       (abs)        0000
__size_of_imprimir         (abs)        0000
__size_of_iniciarLCD       (abs)        0000
__size_of_iniciarOSC       (abs)        0000
__size_of_main             (abs)        0000
__size_of_mostrar          (abs)        0000
__size_of_on_off           (abs)        0000
__size_of_setup            (abs)        0000
__stringbase               strings      0805
__stringtab                strings      0800
_a                         strings      0806
_borrarv                   text15       0DD5
_colocar                   text14       0E10
_comando                   text16       0DE8
_conversion                text8        036C
_estado1                   bssBANK0     0026
_estado2                   bssBANK0     0024
_imprimir                  text7        0E89
_iniciarLCD                text6        0EF2
_iniciarOSC                text5        0F9F
_main                      maintext     0277
_mostrar                   text4        0DFC
_on_off                    text2        014D
_posicion                  bssBANK1     00A0
_setup                     text1        0DC3
_x                         bssBANK0     0040
_x1                        bssBANK0     003E
_x2                        bssBANK0     003C
_x3                        bssBANK0     003A
_y                         bssBANK0     0038
_y1                        bssBANK0     0036
_y2                        bssBANK0     0034
_y3                        bssBANK0     0032
_z                         bssBANK0     0030
_z1                        bssBANK0     002E
_z2                        bssBANK0     002C
_z3                        bssBANK0     002A
_z4                        bssBANK0     0028
btemp                      (abs)        007E
clear_ram0                 clrtext      0D92
colocar@temp               cstackCOMMON 0076
colocar@x                  cstackCOMMON 0075
colocar@y                  cstackCOMMON 0073
comando@x                  cstackCOMMON 0072
end_of_initialization      cinit        07FC
imprimir@i                 cstackCOMMON 0072
imprimir@texto             cstackCOMMON 0074
iniciarOSC@frec            cstackCOMMON 0072
intlevel0                  functab      0000
intlevel1                  functab      0000
intlevel2                  functab      0000
intlevel3                  functab      0000
intlevel4                  functab      0000
intlevel5                  functab      0000
mostrar@t                  cstackCOMMON 0072
reset_vec                  reset_vec    0000
start                      init         0000
start_initialization       cinit        07EF
wtemp0                     (abs)        007E


FUNCTION INFORMATION:

 *************** function _main *****************
 Defined at:
		line 200 in file "Carcelero.c"
 Parameters:    Size  Location     Type
		None
 Auto vars:     Size  Location     Type
		None
 Return value:  Size  Location     Type
                  1    wreg      void 
 Registers used:
		wreg, fsr0l, fsr0h, status,2, status,0, btemp+1, pclath, cstack
 Tracked objects:
		On entry : 
		On exit  : 
		Unchanged: 
 Data sizes:     COMMON   BANK0   BANK1   BANK3   BANK2
      Params:         0       0       0       0       0
      Locals:         0       0       0       0       0
      Temps:          0       3       0       0       0
      Totals:         0       3       0       0       0
Total ram usage:        3 bytes
 Hardware stack levels required when called:    3
 This function calls:
		_I2C_Master_Init
		_I2C_Master_Read
		_I2C_Master_Start
		_I2C_Master_Stop
		_I2C_Master_Write
		_borrarv
		_colocar
		_conversion
		_imprimir
		_iniciarLCD
		_iniciarOSC
		_mostrar
		_on_off
		_setup
 This function is called by:
		Startup code after reset
 This function uses a non-reentrant model


 *************** function _setup *****************
 Defined at:
		line 181 in file "Carcelero.c"
 Parameters:    Size  Location     Type
		None
 Auto vars:     Size  Location     Type
		None
 Return value:  Size  Location     Type
                  1    wreg      void 
 Registers used:
		status,2
 Tracked objects:
		On entry : 
		On exit  : 
		Unchanged: 
 Data sizes:     COMMON   BANK0   BANK1   BANK3   BANK2
      Params:         0       0       0       0       0
      Locals:         0       0       0       0       0
      Temps:          0       0       0       0       0
      Totals:         0       0       0       0       0
Total ram usage:        0 bytes
 Hardware stack levels used:    1
 This function calls:
		Nothing
 This function is called by:
		_main
 This function uses a non-reentrant model


 *************** function _on_off *****************
 Defined at:
		line 93 in file "Carcelero.c"
 Parameters:    Size  Location     Type
		None
 Auto vars:     Size  Location     Type
		None
 Return value:  Size  Location     Type
                  1    wreg      void 
 Registers used:
		wreg, status,2, status,0, btemp+1, pclath, cstack
 Tracked objects:
		On entry : 
		On exit  : 
		Unchanged: 
 Data sizes:     COMMON   BANK0   BANK1   BANK3   BANK2
      Params:         0       0       0       0       0
      Locals:         0       0       0       0       0
      Temps:          0       0       0       0       0
      Totals:         0       0       0       0       0
Total ram usage:        0 bytes
 Hardware stack levels used:    1
 Hardware stack levels required when called:    1
 This function calls:
		___flge
 This function is called by:
		_main
 This function uses a non-reentrant model


 *************** function ___flge *****************
 Defined at:
		line 4 in file "C:\Program Files (x86)\Microchip\xc8\v2.10\pic\sources\c90\common\flge.c"
 Parameters:    Size  Location     Type
  ff1             4    0[COMMON] void 
  ff2             4    4[COMMON] void 
 Auto vars:     Size  Location     Type
		None
 Return value:  Size  Location     Type
		None               void
 Registers used:
		wreg, status,2, status,0
 Tracked objects:
		On entry : 
		On exit  : 
		Unchanged: 
 Data sizes:     COMMON   BANK0   BANK1   BANK3   BANK2
      Params:         8       0       0       0       0
      Locals:         0       0       0       0       0
      Temps:          4       0       0       0       0
      Totals:        12       0       0       0       0
Total ram usage:       12 bytes
 Hardware stack levels used:    1
 This function calls:
		Nothing
 This function is called by:
		_on_off
 This function uses a non-reentrant model


 *************** function _mostrar *****************
 Defined at:
		line 90 in file "./LCD.h"
 Parameters:    Size  Location     Type
  t               1    wreg     const unsigned char 
 Auto vars:     Size  Location     Type
  t               1    2[COMMON] const unsigned char 
 Return value:  Size  Location     Type
                  1    wreg      void 
 Registers used:
		wreg
 Tracked objects:
		On entry : 
		On exit  : 
		Unchanged: 
 Data sizes:     COMMON   BANK0   BANK1   BANK3   BANK2
      Params:         0       0       0       0       0
      Locals:         1       0       0       0       0
      Temps:          2       0       0       0       0
      Totals:         3       0       0       0       0
Total ram usage:        3 bytes
 Hardware stack levels used:    1
 This function calls:
		Nothing
 This function is called by:
		_main
 This function uses a non-reentrant model


 *************** function _iniciarOSC *****************
 Defined at:
		line 5 in file "./Oscilador.h"
 Parameters:    Size  Location     Type
  frec            1    wreg     unsigned char 
 Auto vars:     Size  Location     Type
  frec            1    2[COMMON] unsigned char 
 Return value:  Size  Location     Type
                  1    wreg      void 
 Registers used:
		wreg, fsr0l, fsr0h, status,2, status,0
 Tracked objects:
		On entry : 
		On exit  : 
		Unchanged: 
 Data sizes:     COMMON   BANK0   BANK1   BANK3   BANK2
      Params:         0       0       0       0       0
      Locals:         1       0       0       0       0
      Temps:          2       0       0       0       0
      Totals:         3       0       0       0       0
Total ram usage:        3 bytes
 Hardware stack levels used:    1
 This function calls:
		Nothing
 This function is called by:
		_main
 This function uses a non-reentrant model


 *************** function _iniciarLCD *****************
 Defined at:
		line 25 in file "./LCD.h"
 Parameters:    Size  Location     Type
		None
 Auto vars:     Size  Location     Type
		None
 Return value:  Size  Location     Type
                  1    wreg      void 
 Registers used:
		wreg, status,2, status,0, pclath, cstack
 Tracked objects:
		On entry : 
		On exit  : 
		Unchanged: 
 Data sizes:     COMMON   BANK0   BANK1   BANK3   BANK2
      Params:         0       0       0       0       0
      Locals:         0       0       0       0       0
      Temps:          2       0       0       0       0
      Totals:         2       0       0       0       0
Total ram usage:        2 bytes
 Hardware stack levels used:    1
 Hardware stack levels required when called:    1
 This function calls:
		_comando
 This function is called by:
		_main
 This function uses a non-reentrant model


 *************** function _imprimir *****************
 Defined at:
		line 78 in file "./LCD.h"
 Parameters:    Size  Location     Type
  texto           1    wreg     PTR const unsigned char 
		 -> STR_3(5), STR_2(4), STR_1(5), 
 Auto vars:     Size  Location     Type
  texto           1    4[COMMON] PTR const unsigned char 
		 -> STR_3(5), STR_2(4), STR_1(5), 
  i               2    2[COMMON] int 
 Return value:  Size  Location     Type
                  1    wreg      void 
 Registers used:
		wreg, fsr0l, fsr0h, status,2, status,0, pclath
 Tracked objects:
		On entry : 
		On exit  : 
		Unchanged: 
 Data sizes:     COMMON   BANK0   BANK1   BANK3   BANK2
      Params:         0       0       0       0       0
      Locals:         3       0       0       0       0
      Temps:          2       0       0       0       0
      Totals:         5       0       0       0       0
Total ram usage:        5 bytes
 Hardware stack levels used:    2
 This function calls:
		Nothing
 This function is called by:
		_main
 This function uses a non-reentrant model


 *************** function _conversion *****************
 Defined at:
		line 63 in file "Carcelero.c"
 Parameters:    Size  Location     Type
		None
 Auto vars:     Size  Location     Type
		None
 Return value:  Size  Location     Type
                  1    wreg      void 
 Registers used:
		wreg, status,2, status,0, btemp+1, pclath, cstack
 Tracked objects:
		On entry : 
		On exit  : 
		Unchanged: 
 Data sizes:     COMMON   BANK0   BANK1   BANK3   BANK2
      Params:         0       0       0       0       0
      Locals:         0       0       0       0       0
      Temps:          0       2       0       0       0
      Totals:         0       2       0       0       0
Total ram usage:        2 bytes
 Hardware stack levels used:    1
 Hardware stack levels required when called:    2
 This function calls:
		___awdiv
		___awmod
		___flmul
		___fltol
 This function is called by:
		_main
 This function uses a non-reentrant model


 *************** function ___fltol *****************
 Defined at:
		line 43 in file "C:\Program Files (x86)\Microchip\xc8\v2.10\pic\sources\c90\common\fltol.c"
 Parameters:    Size  Location     Type
  f1              4   21[BANK0 ] void 
 Auto vars:     Size  Location     Type
  exp1            1   31[BANK0 ] unsigned char 
  sign1           1   30[BANK0 ] unsigned char 
 Return value:  Size  Location     Type
                  4   21[BANK0 ] long 
 Registers used:
		wreg, status,2, status,0
 Tracked objects:
		On entry : 
		On exit  : 
		Unchanged: 
 Data sizes:     COMMON   BANK0   BANK1   BANK3   BANK2
      Params:         0       4       0       0       0
      Locals:         0       2       0       0       0
      Temps:          0       5       0       0       0
      Totals:         0      11       0       0       0
Total ram usage:       11 bytes
 Hardware stack levels used:    1
 This function calls:
		Nothing
 This function is called by:
		_conversion
 This function uses a non-reentrant model


 *************** function ___flmul *****************
 Defined at:
		line 8 in file "C:\Program Files (x86)\Microchip\xc8\v2.10\pic\sources\c90\common\sprcmul.c"
 Parameters:    Size  Location     Type
  b               4    0[BANK0 ] long 
  a               4    4[BANK0 ] long 
 Auto vars:     Size  Location     Type
  prod            4   15[BANK0 ] struct .
  grs             4    9[BANK0 ] unsigned long 
  temp            2   19[BANK0 ] struct .
  bexp            1   14[BANK0 ] unsigned char 
  aexp            1   13[BANK0 ] unsigned char 
  sign            1    8[BANK0 ] unsigned char 
 Return value:  Size  Location     Type
                  4    0[BANK0 ] unsigned char 
 Registers used:
		wreg, status,2, status,0, btemp+1, pclath, cstack
 Tracked objects:
		On entry : 
		On exit  : 
		Unchanged: 
 Data sizes:     COMMON   BANK0   BANK1   BANK3   BANK2
      Params:         0       8       0       0       0
      Locals:         0      13       0       0       0
      Temps:          5       0       0       0       0
      Totals:         5      21       0       0       0
Total ram usage:       26 bytes
 Hardware stack levels used:    1
 Hardware stack levels required when called:    1
 This function calls:
		__Umul8_16
 This function is called by:
		_conversion
 This function uses a non-reentrant model


 *************** function __Umul8_16 *****************
 Defined at:
		line 4 in file "C:\Program Files (x86)\Microchip\xc8\v2.10\pic\sources\c90\common\Umul8_16.c"
 Parameters:    Size  Location     Type
  multiplier      1    wreg     unsigned char 
  multiplicand    1    0[COMMON] unsigned char 
 Auto vars:     Size  Location     Type
  multiplier      1    8[COMMON] unsigned char 
  word_mpld       2    6[COMMON] unsigned int 
  product         2    4[COMMON] unsigned int 
 Return value:  Size  Location     Type
                  2    0[COMMON] unsigned int 
 Registers used:
		wreg, status,2, status,0
 Tracked objects:
		On entry : 
		On exit  : 
		Unchanged: 
 Data sizes:     COMMON   BANK0   BANK1   BANK3   BANK2
      Params:         2       0       0       0       0
      Locals:         5       0       0       0       0
      Temps:          2       0       0       0       0
      Totals:         9       0       0       0       0
Total ram usage:        9 bytes
 Hardware stack levels used:    1
 This function calls:
		Nothing
 This function is called by:
		___flmul
 This function uses a non-reentrant model


 *************** function ___awmod *****************
 Defined at:
		line 5 in file "C:\Program Files (x86)\Microchip\xc8\v2.10\pic\sources\c90\common\awmod.c"
 Parameters:    Size  Location     Type
  divisor         2    0[COMMON] int 
  dividend        2    2[COMMON] int 
 Auto vars:     Size  Location     Type
  sign            1    6[COMMON] unsigned char 
  counter         1    5[COMMON] unsigned char 
 Return value:  Size  Location     Type
                  2    0[COMMON] int 
 Registers used:
		wreg, status,2, status,0
 Tracked objects:
		On entry : 
		On exit  : 
		Unchanged: 
 Data sizes:     COMMON   BANK0   BANK1   BANK3   BANK2
      Params:         4       0       0       0       0
      Locals:         2       0       0       0       0
      Temps:          1       0       0       0       0
      Totals:         7       0       0       0       0
Total ram usage:        7 bytes
 Hardware stack levels used:    1
 This function calls:
		Nothing
 This function is called by:
		_conversion
 This function uses a non-reentrant model


 *************** function ___awdiv *****************
 Defined at:
		line 5 in file "C:\Program Files (x86)\Microchip\xc8\v2.10\pic\sources\c90\common\awdiv.c"
 Parameters:    Size  Location     Type
  divisor         2    0[COMMON] int 
  dividend        2    2[COMMON] int 
 Auto vars:     Size  Location     Type
  quotient        2    7[COMMON] int 
  sign            1    6[COMMON] unsigned char 
  counter         1    5[COMMON] unsigned char 
 Return value:  Size  Location     Type
                  2    0[COMMON] int 
 Registers used:
		wreg, status,2, status,0
 Tracked objects:
		On entry : 
		On exit  : 
		Unchanged: 
 Data sizes:     COMMON   BANK0   BANK1   BANK3   BANK2
      Params:         4       0       0       0       0
      Locals:         4       0       0       0       0
      Temps:          1       0       0       0       0
      Totals:         9       0       0       0       0
Total ram usage:        9 bytes
 Hardware stack levels used:    1
 This function calls:
		Nothing
 This function is called by:
		_conversion
 This function uses a non-reentrant model


 *************** function _colocar *****************
 Defined at:
		line 62 in file "./LCD.h"
 Parameters:    Size  Location     Type
  x               1    wreg     const unsigned char 
  y               1    3[COMMON] const unsigned char 
 Auto vars:     Size  Location     Type
  x               1    5[COMMON] const unsigned char 
  temp            1    6[COMMON] unsigned char 
 Return value:  Size  Location     Type
                  1    wreg      void 
 Registers used:
		wreg, status,2, status,0, pclath, cstack
 Tracked objects:
		On entry : 
		On exit  : 
		Unchanged: 
 Data sizes:     COMMON   BANK0   BANK1   BANK3   BANK2
      Params:         1       0       0       0       0
      Locals:         2       0       0       0       0
      Temps:          1       0       0       0       0
      Totals:         4       0       0       0       0
Total ram usage:        4 bytes
 Hardware stack levels used:    1
 Hardware stack levels required when called:    1
 This function calls:
		_comando
 This function is called by:
		_main
 This function uses a non-reentrant model


 *************** function _borrarv *****************
 Defined at:
		line 54 in file "./LCD.h"
 Parameters:    Size  Location     Type
		None
 Auto vars:     Size  Location     Type
		None
 Return value:  Size  Location     Type
                  1    wreg      void 
 Registers used:
		wreg, status,2, status,0, pclath, cstack
 Tracked objects:
		On entry : 
		On exit  : 
		Unchanged: 
 Data sizes:     COMMON   BANK0   BANK1   BANK3   BANK2
      Params:         0       0       0       0       0
      Locals:         0       0       0       0       0
      Temps:          0       0       0       0       0
      Totals:         0       0       0       0       0
Total ram usage:        0 bytes
 Hardware stack levels used:    1
 Hardware stack levels required when called:    1
 This function calls:
		_comando
 This function is called by:
		_main
 This function uses a non-reentrant model


 *************** function _comando *****************
 Defined at:
		line 16 in file "./LCD.h"
 Parameters:    Size  Location     Type
  x               1    wreg     const unsigned char 
 Auto vars:     Size  Location     Type
  x               1    2[COMMON] const unsigned char 
 Return value:  Size  Location     Type
                  1    wreg      void 
 Registers used:
		wreg
 Tracked objects:
		On entry : 
		On exit  : 
		Unchanged: 
 Data sizes:     COMMON   BANK0   BANK1   BANK3   BANK2
      Params:         0       0       0       0       0
      Locals:         1       0       0       0       0
      Temps:          2       0       0       0       0
      Totals:         3       0       0       0       0
Total ram usage:        3 bytes
 Hardware stack levels used:    1
 This function calls:
		Nothing
 This function is called by:
		_iniciarLCD
		_borrarv
		_colocar
 This function uses a non-reentrant model


 *************** function _I2C_Master_Write *****************
 Defined at:
		line 65 in file "./I2Cmaestro.h"
 Parameters:    Size  Location     Type
  d               2    0[COMMON] unsigned int 
 Auto vars:     Size  Location     Type
		None
 Return value:  Size  Location     Type
                  1    wreg      void 
 Registers used:
		wreg, status,2, status,0, pclath, cstack
 Tracked objects:
		On entry : 
		On exit  : 
		Unchanged: 
 Data sizes:     COMMON   BANK0   BANK1   BANK3   BANK2
      Params:         2       0       0       0       0
      Locals:         0       0       0       0       0
      Temps:          0       0       0       0       0
      Totals:         2       0       0       0       0
Total ram usage:        2 bytes
 Hardware stack levels used:    1
 Hardware stack levels required when called:    1
 This function calls:
		_I2C_Master_Wait
 This function is called by:
		_main
 This function uses a non-reentrant model


 *************** function _I2C_Master_Stop *****************
 Defined at:
		line 55 in file "./I2Cmaestro.h"
 Parameters:    Size  Location     Type
		None
 Auto vars:     Size  Location     Type
		None
 Return value:  Size  Location     Type
                  1    wreg      void 
 Registers used:
		wreg, status,2, status,0, pclath, cstack
 Tracked objects:
		On entry : 
		On exit  : 
		Unchanged: 
 Data sizes:     COMMON   BANK0   BANK1   BANK3   BANK2
      Params:         0       0       0       0       0
      Locals:         0       0       0       0       0
      Temps:          0       0       0       0       0
      Totals:         0       0       0       0       0
Total ram usage:        0 bytes
 Hardware stack levels used:    1
 Hardware stack levels required when called:    1
 This function calls:
		_I2C_Master_Wait
 This function is called by:
		_main
 This function uses a non-reentrant model


 *************** function _I2C_Master_Start *****************
 Defined at:
		line 39 in file "./I2Cmaestro.h"
 Parameters:    Size  Location     Type
		None
 Auto vars:     Size  Location     Type
		None
 Return value:  Size  Location     Type
                  1    wreg      void 
 Registers used:
		wreg, status,2, status,0, pclath, cstack
 Tracked objects:
		On entry : 
		On exit  : 
		Unchanged: 
 Data sizes:     COMMON   BANK0   BANK1   BANK3   BANK2
      Params:         0       0       0       0       0
      Locals:         0       0       0       0       0
      Temps:          0       0       0       0       0
      Totals:         0       0       0       0       0
Total ram usage:        0 bytes
 Hardware stack levels used:    1
 Hardware stack levels required when called:    1
 This function calls:
		_I2C_Master_Wait
 This function is called by:
		_main
 This function uses a non-reentrant model


 *************** function _I2C_Master_Read *****************
 Defined at:
		line 74 in file "./I2Cmaestro.h"
 Parameters:    Size  Location     Type
  a               2    0[COMMON] unsigned short 
 Auto vars:     Size  Location     Type
  temp            2    4[COMMON] unsigned short 
 Return value:  Size  Location     Type
                  2    0[COMMON] unsigned short 
 Registers used:
		wreg, status,2, status,0, pclath, cstack
 Tracked objects:
		On entry : 
		On exit  : 
		Unchanged: 
 Data sizes:     COMMON   BANK0   BANK1   BANK3   BANK2
      Params:         2       0       0       0       0
      Locals:         2       0       0       0       0
      Temps:          2       0       0       0       0
      Totals:         6       0       0       0       0
Total ram usage:        6 bytes
 Hardware stack levels used:    1
 Hardware stack levels required when called:    1
 This function calls:
		_I2C_Master_Wait
 This function is called by:
		_main
 This function uses a non-reentrant model


 *************** function _I2C_Master_Wait *****************
 Defined at:
		line 32 in file "./I2Cmaestro.h"
 Parameters:    Size  Location     Type
		None
 Auto vars:     Size  Location     Type
		None
 Return value:  Size  Location     Type
                  1    wreg      void 
 Registers used:
		wreg, status,2
 Tracked objects:
		On entry : 
		On exit  : 
		Unchanged: 
 Data sizes:     COMMON   BANK0   BANK1   BANK3   BANK2
      Params:         0       0       0       0       0
      Locals:         0       0       0       0       0
      Temps:          0       0       0       0       0
      Totals:         0       0       0       0       0
Total ram usage:        0 bytes
 Hardware stack levels used:    1
 This function calls:
		Nothing
 This function is called by:
		_I2C_Master_Start
		_I2C_Master_Stop
		_I2C_Master_Write
		_I2C_Master_Read
 This function uses a non-reentrant model


 *************** function _I2C_Master_Init *****************
 Defined at:
		line 16 in file "./I2Cmaestro.h"
 Parameters:    Size  Location     Type
  c               4    0[BANK0 ] const unsigned long 
 Auto vars:     Size  Location     Type
		None
 Return value:  Size  Location     Type
                  1    wreg      void 
 Registers used:
		wreg, status,2, status,0, pclath, cstack
 Tracked objects:
		On entry : 
		On exit  : 
		Unchanged: 
 Data sizes:     COMMON   BANK0   BANK1   BANK3   BANK2
      Params:         0       4       0       0       0
      Locals:         0       0       0       0       0
      Temps:          0       4       0       0       0
      Totals:         0       8       0       0       0
Total ram usage:        8 bytes
 Hardware stack levels used:    1
 Hardware stack levels required when called:    1
 This function calls:
		___lldiv
 This function is called by:
		_main
 This function uses a non-reentrant model


 *************** function ___lldiv *****************
 Defined at:
		line 5 in file "C:\Program Files (x86)\Microchip\xc8\v2.10\pic\sources\c90\common\__lldiv.c"
 Parameters:    Size  Location     Type
  divisor         4    0[COMMON] unsigned long 
  dividend        4    4[COMMON] unsigned long 
 Auto vars:     Size  Location     Type
  quotient        4    9[COMMON] unsigned long 
  counter         1   13[COMMON] unsigned char 
 Return value:  Size  Location     Type
                  4    0[COMMON] unsigned long 
 Registers used:
		wreg, status,2, status,0
 Tracked objects:
		On entry : 
		On exit  : 
		Unchanged: 
 Data sizes:     COMMON   BANK0   BANK1   BANK3   BANK2
      Params:         8       0       0       0       0
      Locals:         5       0       0       0       0
      Temps:          1       0       0       0       0
      Totals:        14       0       0       0       0
Total ram usage:       14 bytes
 Hardware stack levels used:    1
 This function calls:
		Nothing
 This function is called by:
		_I2C_Master_Init
 This function uses a non-reentrant model



MODULE INFORMATION

Module		Function		Class		Link	Load	Size
C:\Program Files (x86)\Microchip\xc8\v2.10\pic\sources\c90\common\awdiv.c
		___awdiv       		CODE           	006A	0000	104

C:\Program Files (x86)\Microchip\xc8\v2.10\pic\sources\c90\common\awdiv.c estimated size: 104

C:\Program Files (x86)\Microchip\xc8\v2.10\pic\sources\c90\common\fltol.c
		___fltol       		CODE           	00D1	0000	125

C:\Program Files (x86)\Microchip\xc8\v2.10\pic\sources\c90\common\fltol.c estimated size: 125

Carcelero.c
		_conversion    		CODE           	036C	0000	291
		_main          		CODE           	0277	0000	246
		_setup         		CODE           	0DC3	0000	19
		_on_off        		CODE           	014D	0000	137

Carcelero.c estimated size: 693

C:\Program Files (x86)\Microchip\xc8\v2.10\pic\sources\c90\common\sprcmul.c
		___flmul       		CODE           	048E	0000	866

C:\Program Files (x86)\Microchip\xc8\v2.10\pic\sources\c90\common\sprcmul.c estimated size: 866

C:\Program Files (x86)\Microchip\xc8\v2.10\pic\sources\c90\common\Umul8_16.c
		__Umul8_16     		CODE           	0E34	0000	40

C:\Program Files (x86)\Microchip\xc8\v2.10\pic\sources\c90\common\Umul8_16.c estimated size: 40

C:\Program Files (x86)\Microchip\xc8\v2.10\pic\sources\c90\common\__lldiv.c
		___lldiv       		CODE           	0004	0000	103

C:\Program Files (x86)\Microchip\xc8\v2.10\pic\sources\c90\common\__lldiv.c estimated size: 103

./LCD.h
		_comando       		CODE           	0DE8	0000	21
		_borrarv       		CODE           	0DD5	0000	20
		_iniciarLCD    		CODE           	0EF2	0000	85
		_colocar       		CODE           	0E10	0000	37
		_mostrar       		CODE           	0DFC	0000	21
		_imprimir      		CODE           	0E89	0000	50

./LCD.h estimated size: 234

C:\Program Files (x86)\Microchip\xc8\v2.10\pic\sources\c90\common\flge.c
		___flge        		CODE           	01D5	0000	163

C:\Program Files (x86)\Microchip\xc8\v2.10\pic\sources\c90\common\flge.c estimated size: 163

shared
		_a             		STRING         	0806	0000	11
		__stringtab    		STRING         	0800	0000	7
		__initialization		CODE           	07EF	0000	14

shared estimated size: 32

C:\Program Files (x86)\Microchip\xc8\v2.10\pic\sources\c90\common\awmod.c
		___awmod       		CODE           	0F46	0000	90

C:\Program Files (x86)\Microchip\xc8\v2.10\pic\sources\c90\common\awmod.c estimated size: 90

./Oscilador.h
		_iniciarOSC    		CODE           	0F9F	0000	98

./Oscilador.h estimated size: 98

./I2Cmaestro.h
		_I2C_Master_Read		CODE           	0E5B	0000	47
		_I2C_Master_Wait		CODE           	0DB6	0000	14
		_I2C_Master_Init		CODE           	0EBA	0000	57
		_I2C_Master_Stop		CODE           	0DA3	0000	10
		_I2C_Master_Write		CODE           	0DAC	0000	11
		_I2C_Master_Start		CODE           	0D9A	0000	10

./I2Cmaestro.h estimated size: 149

