Microchip MPLAB XC8 Compiler V2.10 ()

Linker command line:

-W-3 --edf=C:\Program Files (x86)\Microchip\xc8\v2.10\pic\dat\en_msgs.txt \
  -cs -h+dist/default/production\Guardia.X.production.sym \
  --cmf=dist/default/production\Guardia.X.production.cmf -z -Q16F887 \
  -oC:\Users\joser\AppData\Local\Temp\s1i0.2 --defsym=__MPLAB_BUILD=1 \
  -Mdist/default/production/Guardia.X.production.map -E1 -ver=XC8 \
  --acfsm=1493 -ASTACK=0110h-016Fh -pstack=STACK -ACODE=00h-07FFhx4 \
  -ASTRCODE=00h-01FFFh -ASTRING=00h-0FFhx32 -ACONST=00h-0FFhx32 \
  -AENTRY=00h-0FFhx32 -ACOMMON=070h-07Fh -ABANK0=020h-06Fh \
  -ABANK1=0A0h-0EFh -ABANK2=0110h-016Fh -ABANK3=0190h-01EFh \
  -ARAM=020h-06Fh,0A0h-0EFh,0110h-016Fh,0190h-01EFh \
  -AABS1=020h-07Fh,0A0h-0EFh,0110h-016Fh,0190h-01EFh -ASFR0=00h-01Fh \
  -ASFR1=080h-09Fh -ASFR2=0100h-010Fh -ASFR3=0180h-018Fh \
  -preset_vec=00h,intentry,init,end_init -ppowerup=CODE -pcinit=CODE \
  -pfunctab=ENTRY -ACONFIG=02007h-02008h -pconfig=CONFIG -DCONFIG=2 \
  -AIDLOC=02000h-02003h -pidloc=IDLOC -DIDLOC=2 -AEEDATA=00h-0FFh/02100h \
  -peeprom_data=EEDATA -DEEDATA=2 -DCODE=2 -DSTRCODE=2 -DSTRING=2 -DCONST=2 \
  -DENTRY=2 -k C:\Users\joser\AppData\Local\Temp\s1i0.o \
  dist/default/production\Guardia.X.production.o 

Object code version is 3.11

Machine type is 16F887



                Name                               Link     Load   Length Selector   Space Scale
C:\Users\joser\AppData\Local\Temp\s1i0.o
                end_init                              0        0        3        0       0
                config                             2007     2007        2     400E       0
dist/default/production\Guardia.X.production.o
                cinit                               7F3      7F3        D      FE6       0
                text22                              353      353       66      6A6       0
                text21                              1B8      1B8       38      370       0
                text20                               CA       CA        D      194       0
                text19                              159      159       2E      2B2       0
                text18                               AE       AE        9      15C       0
                text17                               B7       B7        9      16E       0
                text16                               C0       C0        A      180       0
                text15                              10D      10D       14      21A       0
                text14                               FA       FA       13      1F4       0
                text13                              135      135       24      26A       0
                text12                              187      187       31      30E       0
                text11                              244      244       55      488       0
                text10                              3B9      3B9       67      772       0
                text9                               299      299       59      532       0
                text8                               121      121       14      242       0
                text7                               4AC      4AC       C9      958       0
                text6                               1F0      1F0       54      3E0       0
                text5                               2F2      2F2       61      5E4       0
                text4                               575      575       EB      AEA       0
                text3                                E8       E8       12      1D0       0
                text2                                D7       D7       11      1AE       0
                text1                               420      420       8C      840       0
                maintext                            660      660      193      CC0       0
                cstackBANK0                          38       38        A       20       1
                cstackCOMMON                         70       70        E       70       1
                clrtext                              A6       A6        8      14C       0
                bssBANK0                             20       20       18       20       1
                strings                               3        3       4B        6       0

TOTAL           Name                               Link     Load   Length     Space
        CLASS   STACK          

        CLASS   CODE           
                end_init                              0        0        3         0
                cinit                               7F3      7F3        D         0
                text22                              353      353       66         0
                text21                              1B8      1B8       38         0
                text20                               CA       CA        D         0
                text19                              159      159       2E         0
                text18                               AE       AE        9         0
                text17                               B7       B7        9         0
                text16                               C0       C0        A         0
                text15                              10D      10D       14         0
                text14                               FA       FA       13         0
                text13                              135      135       24         0
                text12                              187      187       31         0
                text11                              244      244       55         0
                text10                              3B9      3B9       67         0
                text9                               299      299       59         0
                text8                               121      121       14         0
                text7                               4AC      4AC       C9         0
                text6                               1F0      1F0       54         0
                text5                               2F2      2F2       61         0
                text4                               575      575       EB         0
                text3                                E8       E8       12         0
                text2                                D7       D7       11         0
                text1                               420      420       8C         0
                maintext                            660      660      193         0
                clrtext                              A6       A6        8         0

        CLASS   STRCODE        

        CLASS   STRING         
                strings                               3        3       4B         0

        CLASS   CONST          

        CLASS   ENTRY          

        CLASS   COMMON         
                cstackCOMMON                         70       70        E         1

        CLASS   BANK0          
                cstackBANK0                          38       38        A         1
                bssBANK0                             20       20       18         1

        CLASS   BANK1          

        CLASS   BANK2          

        CLASS   BANK3          

        CLASS   RAM            

        CLASS   ABS1           
                abs_s1                               7E       7E        2         1

        CLASS   SFR0           

        CLASS   SFR1           

        CLASS   SFR2           

        CLASS   SFR3           

        CLASS   CONFIG         
                config                             2007     2007        2         0

        CLASS   IDLOC          

        CLASS   EEDATA         



SEGMENTS        Name                           Load    Length   Top    Selector   Space  Class     Delta

                reset_vec                      000000  000003  000003         0       0  CODE        2
                strings                        000003  00004B  00004E         6       0  STRING      2
                bssBANK0                       000020  000022  000042        20       1  BANK0       1
                cstackCOMMON                   000070  00000E  00007E        70       1  COMMON      1
                clrtext                        0000A6  000008  0000AE       14C       0  CODE        2
                text18                         0000AE  000009  0000B7       15C       0  CODE        2
                text17                         0000B7  000009  0000C0       16E       0  CODE        2
                text16                         0000C0  00000A  0000CA       180       0  CODE        2
                text20                         0000CA  00000D  0000D7       194       0  CODE        2
                text2                          0000D7  000011  0000E8       1AE       0  CODE        2
                text3                          0000E8  000012  0000FA       1D0       0  CODE        2
                text14                         0000FA  000013  00010D       1F4       0  CODE        2
                text15                         00010D  000014  000121       21A       0  CODE        2
                text8                          000121  000014  000135       242       0  CODE        2
                text13                         000135  000024  000159       26A       0  CODE        2
                text19                         000159  00002E  000187       2B2       0  CODE        2
                text12                         000187  000031  0001B8       30E       0  CODE        2
                text21                         0001B8  000038  0001F0       370       0  CODE        2
                text6                          0001F0  000054  000244       3E0       0  CODE        2
                text11                         000244  000055  000299       488       0  CODE        2
                text9                          000299  000059  0002F2       532       0  CODE        2
                text5                          0002F2  000061  000353       5E4       0  CODE        2
                text22                         000353  000066  0003B9       6A6       0  CODE        2
                text10                         0003B9  000067  000420       772       0  CODE        2
                text1                          000420  00008C  0004AC       840       0  CODE        2
                text7                          0004AC  0000C9  000575       958       0  CODE        2
                text4                          000575  0000EB  000660       AEA       0  CODE        2
                maintext                       000660  000193  0007F3       CC0       0  CODE        2
                cinit                          0007F3  00000D  000800       FE6       0  CODE        2
                config                         002007  000002  002009      400E       0  CONFIG      2


UNUSED ADDRESS RANGES

        Name                Unused          Largest block    Delta
        BANK0            0042-006F             2E           1
        BANK1            00A0-00EF             50           1
        BANK2            0110-016F             60           1
        BANK3            0190-01EF             60           1
        CODE             004E-00A5             58           2
                         0800-1FFF            800
        CONST            004E-00A5             58           2
                         0800-1FFF            100
        EEDATA           2100-21FF            100           2
        ENTRY            004E-00A5             58           2
                         0800-1FFF            100
        IDLOC            2000-2003              4           2
        RAM              0042-006F             2E           1
                         00A0-00EF             50
                         0110-016F             60
                         0190-01EF             60
        SFR0             0000-001F             20           1
        SFR1             0080-009F             20           1
        SFR2             0100-010F             10           1
        SFR3             0180-018F             10           1
        STACK            0110-016F             60           1
        STRCODE          004E-00A5             58           2
                         0800-1FFF           1800
        STRING           004E-00A5             58           2
                         0800-1FFF            100

                                  Symbol Table

?_I2C_Master_Read          cstackCOMMON 0070
?___awdiv                  cstackCOMMON 0070
?___awmod                  cstackCOMMON 0070
?___lldiv                  cstackCOMMON 0070
I2C_Master_Init@c          cstackBANK0  0038
I2C_Master_Read@a          cstackCOMMON 0070
I2C_Master_Read@temp       cstackCOMMON 0074
I2C_Master_Write@d         cstackCOMMON 0070
_ANSEL                     (abs)        0188
_ANSELH                    (abs)        0189
_Distancia                 bssBANK0     0035
_Humo                      bssBANK0     0034
_I2C_Master_Init           text21       01B8
_I2C_Master_Read           text19       0159
_I2C_Master_Start          text18       00AE
_I2C_Master_Stop           text17       00B7
_I2C_Master_Wait           text20       00CA
_I2C_Master_Write          text16       00C0
_Luz                       bssBANK0     0037
_OSCCONbits                (abs)        008F
_PORTA                     (abs)        0005
_PORTAbits                 (abs)        0005
_PORTB                     (abs)        0006
_PORTC                     (abs)        0007
_PORTD                     (abs)        0008
_PORTDbits                 (abs)        0008
_SSPADD                    (abs)        0093
_SSPBUF                    (abs)        0013
_SSPCON                    (abs)        0014
_SSPCON2                   (abs)        0091
_SSPCON2bits               (abs)        0091
_SSPSTAT                   (abs)        0094
_TRISA                     (abs)        0085
_TRISB                     (abs)        0086
_TRISC                     (abs)        0087
_TRISCbits                 (abs)        0087
_TRISDbits                 (abs)        0088
__CFG_BOR4V$BOR40V         (abs)        0000
__CFG_BOREN$OFF            (abs)        0000
__CFG_CP$OFF               (abs)        0000
__CFG_CPD$OFF              (abs)        0000
__CFG_FCMEN$OFF            (abs)        0000
__CFG_FOSC$INTRC_NOCLKOUT  (abs)        0000
__CFG_IESO$OFF             (abs)        0000
__CFG_LVP$OFF              (abs)        0000
__CFG_MCLRE$OFF            (abs)        0000
__CFG_PWRTE$OFF            (abs)        0000
__CFG_WDTE$OFF             (abs)        0000
__CFG_WRT$OFF              (abs)        0000
__Habs1                    abs1         0000
__Hbank0                   bank0        0000
__Hbank1                   bank1        0000
__Hbank2                   bank2        0000
__Hbank3                   bank3        0000
__HbssBANK0                bssBANK0     0000
__Hcinit                   cinit        0800
__Hclrtext                 clrtext      0000
__Hcode                    code         0000
__Hcommon                  common       0000
__Hconfig                  config       2009
__HcstackBANK0             cstackBANK0  0000
__HcstackCOMMON            cstackCOMMON 0000
__Heeprom_data             eeprom_data  0000
__Hend_init                end_init     0003
__Hfunctab                 functab      0000
__Hidloc                   idloc        0000
__Hinit                    init         0000
__Hintentry                intentry     0000
__Hmaintext                maintext     0000
__Hpowerup                 powerup      0000
__Hram                     ram          0000
__Hreset_vec               reset_vec    0000
__Hsfr0                    sfr0         0000
__Hsfr1                    sfr1         0000
__Hsfr2                    sfr2         0000
__Hsfr3                    sfr3         0000
__Hspace_0                 (abs)        2009
__Hspace_1                 (abs)        007E
__Hspace_2                 (abs)        0000
__Hspace_3                 (abs)        0000
__Hstack                   stack        0000
__Hstrings                 strings      0000
__Htext                    text         0000
__Labs1                    abs1         0000
__Lbank0                   bank0        0000
__Lbank1                   bank1        0000
__Lbank2                   bank2        0000
__Lbank3                   bank3        0000
__LbssBANK0                bssBANK0     0000
__Lcinit                   cinit        07F3
__Lclrtext                 clrtext      0000
__Lcode                    code         0000
__Lcommon                  common       0000
__Lconfig                  config       2007
__LcstackBANK0             cstackBANK0  0000
__LcstackCOMMON            cstackCOMMON 0000
__Leeprom_data             eeprom_data  0000
__Lend_init                end_init     0000
__Lfunctab                 functab      0000
__Lidloc                   idloc        0000
__Linit                    init         0000
__Lintentry                intentry     0000
__Lmaintext                maintext     0000
__Lpowerup                 powerup      0000
__Lram                     ram          0000
__Lreset_vec               reset_vec    0000
__Lsfr0                    sfr0         0000
__Lsfr1                    sfr1         0000
__Lsfr2                    sfr2         0000
__Lsfr3                    sfr3         0000
__Lspace_0                 (abs)        0000
__Lspace_1                 (abs)        0000
__Lspace_2                 (abs)        0000
__Lspace_3                 (abs)        0000
__Lstack                   stack        0000
__Lstrings                 strings      0000
__Ltext                    text         0000
__S0                       (abs)        2009
__S1                       (abs)        007E
__S2                       (abs)        0000
__S3                       (abs)        0000
___awdiv                   text10       03B9
___awdiv@counter           cstackCOMMON 0075
___awdiv@dividend          cstackCOMMON 0072
___awdiv@divisor           cstackCOMMON 0070
___awdiv@quotient          cstackCOMMON 0077
___awdiv@sign              cstackCOMMON 0076
___awmod                   text9        0299
___awmod@counter           cstackCOMMON 0075
___awmod@dividend          cstackCOMMON 0072
___awmod@divisor           cstackCOMMON 0070
___awmod@sign              cstackCOMMON 0076
___int_sp                  stack        0000
___latbits                 (abs)        0002
___lldiv                   text22       0353
___lldiv@counter           cstackCOMMON 007D
___lldiv@dividend          cstackCOMMON 0074
___lldiv@divisor           cstackCOMMON 0070
___lldiv@quotient          cstackCOMMON 0079
___sp                      stack        0000
___stackhi                 (abs)        0000
___stacklo                 (abs)        0000
__end_of_I2C_Master_Init   text21       01F0
__end_of_I2C_Master_Read   text19       0187
__end_of_I2C_Master_Start  text18       00B7
__end_of_I2C_Master_Stop   text17       00C0
__end_of_I2C_Master_Wait   text20       00D7
__end_of_I2C_Master_Write  text16       00CA
__end_of___awdiv           text10       0420
__end_of___awmod           text9        02F2
__end_of___lldiv           text22       03B9
__end_of__initialization   cinit        07FC
__end_of__stringtab        strings      0009
__end_of_a                 strings      0013
__end_of_borrarv           text14       010D
__end_of_celda             text11       0299
__end_of_colocar           text13       0159
__end_of_comando           text15       0121
__end_of_humo              text7        0575
__end_of_imprimir          text12       01B8
__end_of_iniciarLCD        text6        0244
__end_of_iniciarOSC        text5        0353
__end_of_luces             text4        0660
__end_of_main              maintext     07F3
__end_of_mostrar           text8        0135
__end_of_setup             text3        00FA
__end_of_shift             text2        00E8
__end_of_ultrasonico       text1        04AC
__initialization           cinit        07F3
__pbssBANK0                bssBANK0     0020
__pcstackBANK0             cstackBANK0  0038
__pcstackCOMMON            cstackCOMMON 0070
__pmaintext                maintext     0660
__pstrings                 strings      0003
__ptext1                   text1        0420
__ptext10                  text10       03B9
__ptext11                  text11       0244
__ptext12                  text12       0187
__ptext13                  text13       0135
__ptext14                  text14       00FA
__ptext15                  text15       010D
__ptext16                  text16       00C0
__ptext17                  text17       00B7
__ptext18                  text18       00AE
__ptext19                  text19       0159
__ptext2                   text2        00D7
__ptext20                  text20       00CA
__ptext21                  text21       01B8
__ptext22                  text22       0353
__ptext3                   text3        00E8
__ptext4                   text4        0575
__ptext5                   text5        02F2
__ptext6                   text6        01F0
__ptext7                   text7        04AC
__ptext8                   text8        0121
__ptext9                   text9        0299
__size_of_I2C_Master_Init  (abs)        0000
__size_of_I2C_Master_Read  (abs)        0000
__size_of_I2C_Master_Start (abs)        0000
__size_of_I2C_Master_Stop  (abs)        0000
__size_of_I2C_Master_Wait  (abs)        0000
__size_of_I2C_Master_Write (abs)        0000
__size_of___awdiv          (abs)        0000
__size_of___awmod          (abs)        0000
__size_of___lldiv          (abs)        0000
__size_of_borrarv          (abs)        0000
__size_of_celda            (abs)        0000
__size_of_colocar          (abs)        0000
__size_of_comando          (abs)        0000
__size_of_humo             (abs)        0000
__size_of_imprimir         (abs)        0000
__size_of_iniciarLCD       (abs)        0000
__size_of_iniciarOSC       (abs)        0000
__size_of_luces            (abs)        0000
__size_of_main             (abs)        0000
__size_of_mostrar          (abs)        0000
__size_of_setup            (abs)        0000
__size_of_shift            (abs)        0000
__size_of_ultrasonico      (abs)        0000
__stringbase               strings      0008
__stringtab                strings      0003
_a                         strings      0009
_borrarv                   text14       00FA
_celda                     text11       0244
_colocar                   text13       0135
_comando                   text15       010D
_grados                    bssBANK0     0036
_humo                      text7        04AC
_imprimir                  text12       0187
_iniciarLCD                text6        01F0
_iniciarOSC                text5        02F2
_luces                     text4        0575
_main                      maintext     0660
_mostrar                   text8        0121
_setup                     text3        00E8
_shift                     text2        00D7
_ultrasonico               text1        0420
_w                         bssBANK0     0026
_w1                        bssBANK0     0024
_w2                        bssBANK0     0022
_w3                        bssBANK0     0020
_y                         bssBANK0     0032
_y1                        bssBANK0     0030
_y2                        bssBANK0     002E
_y3                        bssBANK0     002C
_z                         bssBANK0     002A
_z1                        bssBANK0     0028
btemp                      (abs)        007E
clear_ram0                 clrtext      00A6
colocar@temp               cstackCOMMON 0076
colocar@x                  cstackCOMMON 0075
colocar@y                  cstackCOMMON 0073
comando@x                  cstackCOMMON 0072
end_of_initialization      cinit        07FC
imprimir@i                 cstackCOMMON 0072
imprimir@texto             cstackCOMMON 0074
iniciarOSC@frec            cstackCOMMON 0072
intlevel0                  functab      0000
intlevel1                  functab      0000
intlevel2                  functab      0000
intlevel3                  functab      0000
intlevel4                  functab      0000
intlevel5                  functab      0000
mostrar@t                  cstackCOMMON 0072
reset_vec                  reset_vec    0000
start                      init         0000
start_initialization       cinit        07F3
wtemp0                     (abs)        007E


FUNCTION INFORMATION:

 *************** function _main *****************
 Defined at:
		line 193 in file "Carcelero.c"
 Parameters:    Size  Location     Type
		None
 Auto vars:     Size  Location     Type
		None
 Return value:  Size  Location     Type
                  1    wreg      void 
 Registers used:
		wreg, fsr0l, fsr0h, status,2, status,0, pclath, cstack
 Tracked objects:
		On entry : 
		On exit  : 
		Unchanged: 
 Data sizes:     COMMON   BANK0   BANK1   BANK3   BANK2
      Params:         0       0       0       0       0
      Locals:         0       0       0       0       0
      Temps:          0       2       0       0       0
      Totals:         0       2       0       0       0
Total ram usage:        2 bytes
 Hardware stack levels required when called:    3
 This function calls:
		_I2C_Master_Init
		_I2C_Master_Read
		_I2C_Master_Start
		_I2C_Master_Stop
		_I2C_Master_Write
		_borrarv
		_celda
		_colocar
		_humo
		_imprimir
		_iniciarLCD
		_iniciarOSC
		_luces
		_mostrar
		_setup
		_shift
		_ultrasonico
 This function is called by:
		Startup code after reset
 This function uses a non-reentrant model


 *************** function _ultrasonico *****************
 Defined at:
		line 92 in file "Carcelero.c"
 Parameters:    Size  Location     Type
		None
 Auto vars:     Size  Location     Type
		None
 Return value:  Size  Location     Type
                  1    wreg      void 
 Registers used:
		wreg, fsr0l, fsr0h, status,2, status,0, pclath, cstack
 Tracked objects:
		On entry : 
		On exit  : 
		Unchanged: 
 Data sizes:     COMMON   BANK0   BANK1   BANK3   BANK2
      Params:         0       0       0       0       0
      Locals:         0       0       0       0       0
      Temps:          2       0       0       0       0
      Totals:         2       0       0       0       0
Total ram usage:        2 bytes
 Hardware stack levels used:    1
 Hardware stack levels required when called:    2
 This function calls:
		___awdiv
		___awmod
		_colocar
		_imprimir
		_mostrar
 This function is called by:
		_main
 This function uses a non-reentrant model


 *************** function _shift *****************
 Defined at:
		line 99 in file "./LCD.h"
 Parameters:    Size  Location     Type
		None
 Auto vars:     Size  Location     Type
		None
 Return value:  Size  Location     Type
                  1    wreg      void 
 Registers used:
		wreg
 Tracked objects:
		On entry : 
		On exit  : 
		Unchanged: 
 Data sizes:     COMMON   BANK0   BANK1   BANK3   BANK2
      Params:         0       0       0       0       0
      Locals:         0       0       0       0       0
      Temps:          1       0       0       0       0
      Totals:         1       0       0       0       0
Total ram usage:        1 bytes
 Hardware stack levels used:    1
 This function calls:
		Nothing
 This function is called by:
		_main
 This function uses a non-reentrant model


 *************** function _setup *****************
 Defined at:
		line 175 in file "Carcelero.c"
 Parameters:    Size  Location     Type
		None
 Auto vars:     Size  Location     Type
		None
 Return value:  Size  Location     Type
                  1    wreg      void 
 Registers used:
		status,2
 Tracked objects:
		On entry : 
		On exit  : 
		Unchanged: 
 Data sizes:     COMMON   BANK0   BANK1   BANK3   BANK2
      Params:         0       0       0       0       0
      Locals:         0       0       0       0       0
      Temps:          0       0       0       0       0
      Totals:         0       0       0       0       0
Total ram usage:        0 bytes
 Hardware stack levels used:    1
 This function calls:
		Nothing
 This function is called by:
		_main
 This function uses a non-reentrant model


 *************** function _luces *****************
 Defined at:
		line 117 in file "Carcelero.c"
 Parameters:    Size  Location     Type
		None
 Auto vars:     Size  Location     Type
		None
 Return value:  Size  Location     Type
                  1    wreg      void 
 Registers used:
		wreg, fsr0l, fsr0h, status,2, status,0, pclath, cstack
 Tracked objects:
		On entry : 
		On exit  : 
		Unchanged: 
 Data sizes:     COMMON   BANK0   BANK1   BANK3   BANK2
      Params:         0       0       0       0       0
      Locals:         0       0       0       0       0
      Temps:          2       0       0       0       0
      Totals:         2       0       0       0       0
Total ram usage:        2 bytes
 Hardware stack levels used:    1
 Hardware stack levels required when called:    2
 This function calls:
		___awdiv
		___awmod
		_colocar
		_imprimir
		_mostrar
 This function is called by:
		_main
 This function uses a non-reentrant model


 *************** function _iniciarOSC *****************
 Defined at:
		line 5 in file "./Oscilador.h"
 Parameters:    Size  Location     Type
  frec            1    wreg     unsigned char 
 Auto vars:     Size  Location     Type
  frec            1    2[COMMON] unsigned char 
 Return value:  Size  Location     Type
                  1    wreg      void 
 Registers used:
		wreg, fsr0l, fsr0h, status,2, status,0
 Tracked objects:
		On entry : 
		On exit  : 
		Unchanged: 
 Data sizes:     COMMON   BANK0   BANK1   BANK3   BANK2
      Params:         0       0       0       0       0
      Locals:         1       0       0       0       0
      Temps:          2       0       0       0       0
      Totals:         3       0       0       0       0
Total ram usage:        3 bytes
 Hardware stack levels used:    1
 This function calls:
		Nothing
 This function is called by:
		_main
 This function uses a non-reentrant model


 *************** function _iniciarLCD *****************
 Defined at:
		line 25 in file "./LCD.h"
 Parameters:    Size  Location     Type
		None
 Auto vars:     Size  Location     Type
		None
 Return value:  Size  Location     Type
                  1    wreg      void 
 Registers used:
		wreg, status,2, status,0, pclath, cstack
 Tracked objects:
		On entry : 
		On exit  : 
		Unchanged: 
 Data sizes:     COMMON   BANK0   BANK1   BANK3   BANK2
      Params:         0       0       0       0       0
      Locals:         0       0       0       0       0
      Temps:          2       0       0       0       0
      Totals:         2       0       0       0       0
Total ram usage:        2 bytes
 Hardware stack levels used:    1
 Hardware stack levels required when called:    1
 This function calls:
		_comando
 This function is called by:
		_main
 This function uses a non-reentrant model


 *************** function _humo *****************
 Defined at:
		line 63 in file "Carcelero.c"
 Parameters:    Size  Location     Type
		None
 Auto vars:     Size  Location     Type
		None
 Return value:  Size  Location     Type
                  1    wreg      void 
 Registers used:
		wreg, fsr0l, fsr0h, status,2, status,0, pclath, cstack
 Tracked objects:
		On entry : 
		On exit  : 
		Unchanged: 
 Data sizes:     COMMON   BANK0   BANK1   BANK3   BANK2
      Params:         0       0       0       0       0
      Locals:         0       0       0       0       0
      Temps:          2       0       0       0       0
      Totals:         2       0       0       0       0
Total ram usage:        2 bytes
 Hardware stack levels used:    1
 Hardware stack levels required when called:    2
 This function calls:
		___awdiv
		___awmod
		_colocar
		_imprimir
		_mostrar
 This function is called by:
		_main
 This function uses a non-reentrant model


 *************** function _mostrar *****************
 Defined at:
		line 90 in file "./LCD.h"
 Parameters:    Size  Location     Type
  t               1    wreg     const unsigned char 
 Auto vars:     Size  Location     Type
  t               1    2[COMMON] const unsigned char 
 Return value:  Size  Location     Type
                  1    wreg      void 
 Registers used:
		wreg
 Tracked objects:
		On entry : 
		On exit  : 
		Unchanged: 
 Data sizes:     COMMON   BANK0   BANK1   BANK3   BANK2
      Params:         0       0       0       0       0
      Locals:         1       0       0       0       0
      Temps:          2       0       0       0       0
      Totals:         3       0       0       0       0
Total ram usage:        3 bytes
 Hardware stack levels used:    1
 This function calls:
		Nothing
 This function is called by:
		_humo
		_ultrasonico
		_luces
		_main
 This function uses a non-reentrant model


 *************** function ___awmod *****************
 Defined at:
		line 5 in file "C:\Program Files (x86)\Microchip\xc8\v2.10\pic\sources\c90\common\awmod.c"
 Parameters:    Size  Location     Type
  divisor         2    0[COMMON] int 
  dividend        2    2[COMMON] int 
 Auto vars:     Size  Location     Type
  sign            1    6[COMMON] unsigned char 
  counter         1    5[COMMON] unsigned char 
 Return value:  Size  Location     Type
                  2    0[COMMON] int 
 Registers used:
		wreg, status,2, status,0
 Tracked objects:
		On entry : 
		On exit  : 
		Unchanged: 
 Data sizes:     COMMON   BANK0   BANK1   BANK3   BANK2
      Params:         4       0       0       0       0
      Locals:         2       0       0       0       0
      Temps:          1       0       0       0       0
      Totals:         7       0       0       0       0
Total ram usage:        7 bytes
 Hardware stack levels used:    1
 This function calls:
		Nothing
 This function is called by:
		_humo
		_ultrasonico
		_luces
 This function uses a non-reentrant model


 *************** function ___awdiv *****************
 Defined at:
		line 5 in file "C:\Program Files (x86)\Microchip\xc8\v2.10\pic\sources\c90\common\awdiv.c"
 Parameters:    Size  Location     Type
  divisor         2    0[COMMON] int 
  dividend        2    2[COMMON] int 
 Auto vars:     Size  Location     Type
  quotient        2    7[COMMON] int 
  sign            1    6[COMMON] unsigned char 
  counter         1    5[COMMON] unsigned char 
 Return value:  Size  Location     Type
                  2    0[COMMON] int 
 Registers used:
		wreg, status,2, status,0
 Tracked objects:
		On entry : 
		On exit  : 
		Unchanged: 
 Data sizes:     COMMON   BANK0   BANK1   BANK3   BANK2
      Params:         4       0       0       0       0
      Locals:         4       0       0       0       0
      Temps:          1       0       0       0       0
      Totals:         9       0       0       0       0
Total ram usage:        9 bytes
 Hardware stack levels used:    1
 This function calls:
		Nothing
 This function is called by:
		_humo
		_ultrasonico
		_luces
 This function uses a non-reentrant model


 *************** function _celda *****************
 Defined at:
		line 150 in file "Carcelero.c"
 Parameters:    Size  Location     Type
		None
 Auto vars:     Size  Location     Type
		None
 Return value:  Size  Location     Type
                  1    wreg      void 
 Registers used:
		wreg, fsr0l, fsr0h, status,2, status,0, pclath, cstack
 Tracked objects:
		On entry : 
		On exit  : 
		Unchanged: 
 Data sizes:     COMMON   BANK0   BANK1   BANK3   BANK2
      Params:         0       0       0       0       0
      Locals:         0       0       0       0       0
      Temps:          1       0       0       0       0
      Totals:         1       0       0       0       0
Total ram usage:        1 bytes
 Hardware stack levels used:    1
 Hardware stack levels required when called:    2
 This function calls:
		_colocar
		_imprimir
 This function is called by:
		_main
 This function uses a non-reentrant model


 *************** function _imprimir *****************
 Defined at:
		line 78 in file "./LCD.h"
 Parameters:    Size  Location     Type
  texto           1    wreg     PTR const unsigned char 
		 -> STR_22(3), STR_21(3), STR_20(2), STR_19(6), 
		 -> STR_18(2), STR_17(5), STR_16(6), STR_15(3), 
		 -> STR_14(3), STR_13(5), STR_12(2), STR_11(2), 
		 -> STR_10(2), STR_9(2), STR_8(4), STR_7(3), 
		 -> STR_6(3), STR_5(4), STR_4(7), STR_3(7), 
		 -> STR_2(7), STR_1(7), 
 Auto vars:     Size  Location     Type
  texto           1    4[COMMON] PTR const unsigned char 
		 -> STR_22(3), STR_21(3), STR_20(2), STR_19(6), 
		 -> STR_18(2), STR_17(5), STR_16(6), STR_15(3), 
		 -> STR_14(3), STR_13(5), STR_12(2), STR_11(2), 
		 -> STR_10(2), STR_9(2), STR_8(4), STR_7(3), 
		 -> STR_6(3), STR_5(4), STR_4(7), STR_3(7), 
		 -> STR_2(7), STR_1(7), 
  i               2    2[COMMON] int 
 Return value:  Size  Location     Type
                  1    wreg      void 
 Registers used:
		wreg, fsr0l, fsr0h, status,2, status,0, pclath
 Tracked objects:
		On entry : 
		On exit  : 
		Unchanged: 
 Data sizes:     COMMON   BANK0   BANK1   BANK3   BANK2
      Params:         0       0       0       0       0
      Locals:         3       0       0       0       0
      Temps:          2       0       0       0       0
      Totals:         5       0       0       0       0
Total ram usage:        5 bytes
 Hardware stack levels used:    2
 This function calls:
		Nothing
 This function is called by:
		_humo
		_ultrasonico
		_luces
		_celda
		_main
 This function uses a non-reentrant model


 *************** function _colocar *****************
 Defined at:
		line 62 in file "./LCD.h"
 Parameters:    Size  Location     Type
  x               1    wreg     const unsigned char 
  y               1    3[COMMON] const unsigned char 
 Auto vars:     Size  Location     Type
  x               1    5[COMMON] const unsigned char 
  temp            1    6[COMMON] unsigned char 
 Return value:  Size  Location     Type
                  1    wreg      void 
 Registers used:
		wreg, status,2, status,0, pclath, cstack
 Tracked objects:
		On entry : 
		On exit  : 
		Unchanged: 
 Data sizes:     COMMON   BANK0   BANK1   BANK3   BANK2
      Params:         1       0       0       0       0
      Locals:         2       0       0       0       0
      Temps:          1       0       0       0       0
      Totals:         4       0       0       0       0
Total ram usage:        4 bytes
 Hardware stack levels used:    1
 Hardware stack levels required when called:    1
 This function calls:
		_comando
 This function is called by:
		_humo
		_ultrasonico
		_luces
		_celda
		_main
 This function uses a non-reentrant model


 *************** function _borrarv *****************
 Defined at:
		line 54 in file "./LCD.h"
 Parameters:    Size  Location     Type
		None
 Auto vars:     Size  Location     Type
		None
 Return value:  Size  Location     Type
                  1    wreg      void 
 Registers used:
		wreg, status,2, status,0, pclath, cstack
 Tracked objects:
		On entry : 
		On exit  : 
		Unchanged: 
 Data sizes:     COMMON   BANK0   BANK1   BANK3   BANK2
      Params:         0       0       0       0       0
      Locals:         0       0       0       0       0
      Temps:          0       0       0       0       0
      Totals:         0       0       0       0       0
Total ram usage:        0 bytes
 Hardware stack levels used:    1
 Hardware stack levels required when called:    1
 This function calls:
		_comando
 This function is called by:
		_main
 This function uses a non-reentrant model


 *************** function _comando *****************
 Defined at:
		line 16 in file "./LCD.h"
 Parameters:    Size  Location     Type
  x               1    wreg     const unsigned char 
 Auto vars:     Size  Location     Type
  x               1    2[COMMON] const unsigned char 
 Return value:  Size  Location     Type
                  1    wreg      void 
 Registers used:
		wreg
 Tracked objects:
		On entry : 
		On exit  : 
		Unchanged: 
 Data sizes:     COMMON   BANK0   BANK1   BANK3   BANK2
      Params:         0       0       0       0       0
      Locals:         1       0       0       0       0
      Temps:          2       0       0       0       0
      Totals:         3       0       0       0       0
Total ram usage:        3 bytes
 Hardware stack levels used:    1
 This function calls:
		Nothing
 This function is called by:
		_iniciarLCD
		_borrarv
		_colocar
 This function uses a non-reentrant model


 *************** function _I2C_Master_Write *****************
 Defined at:
		line 65 in file "./I2Cmaestro.h"
 Parameters:    Size  Location     Type
  d               2    0[COMMON] unsigned int 
 Auto vars:     Size  Location     Type
		None
 Return value:  Size  Location     Type
                  1    wreg      void 
 Registers used:
		wreg, status,2, status,0, pclath, cstack
 Tracked objects:
		On entry : 
		On exit  : 
		Unchanged: 
 Data sizes:     COMMON   BANK0   BANK1   BANK3   BANK2
      Params:         2       0       0       0       0
      Locals:         0       0       0       0       0
      Temps:          0       0       0       0       0
      Totals:         2       0       0       0       0
Total ram usage:        2 bytes
 Hardware stack levels used:    1
 Hardware stack levels required when called:    1
 This function calls:
		_I2C_Master_Wait
 This function is called by:
		_main
 This function uses a non-reentrant model


 *************** function _I2C_Master_Stop *****************
 Defined at:
		line 55 in file "./I2Cmaestro.h"
 Parameters:    Size  Location     Type
		None
 Auto vars:     Size  Location     Type
		None
 Return value:  Size  Location     Type
                  1    wreg      void 
 Registers used:
		wreg, status,2, status,0, pclath, cstack
 Tracked objects:
		On entry : 
		On exit  : 
		Unchanged: 
 Data sizes:     COMMON   BANK0   BANK1   BANK3   BANK2
      Params:         0       0       0       0       0
      Locals:         0       0       0       0       0
      Temps:          0       0       0       0       0
      Totals:         0       0       0       0       0
Total ram usage:        0 bytes
 Hardware stack levels used:    1
 Hardware stack levels required when called:    1
 This function calls:
		_I2C_Master_Wait
 This function is called by:
		_main
 This function uses a non-reentrant model


 *************** function _I2C_Master_Start *****************
 Defined at:
		line 39 in file "./I2Cmaestro.h"
 Parameters:    Size  Location     Type
		None
 Auto vars:     Size  Location     Type
		None
 Return value:  Size  Location     Type
                  1    wreg      void 
 Registers used:
		wreg, status,2, status,0, pclath, cstack
 Tracked objects:
		On entry : 
		On exit  : 
		Unchanged: 
 Data sizes:     COMMON   BANK0   BANK1   BANK3   BANK2
      Params:         0       0       0       0       0
      Locals:         0       0       0       0       0
      Temps:          0       0       0       0       0
      Totals:         0       0       0       0       0
Total ram usage:        0 bytes
 Hardware stack levels used:    1
 Hardware stack levels required when called:    1
 This function calls:
		_I2C_Master_Wait
 This function is called by:
		_main
 This function uses a non-reentrant model


 *************** function _I2C_Master_Read *****************
 Defined at:
		line 74 in file "./I2Cmaestro.h"
 Parameters:    Size  Location     Type
  a               2    0[COMMON] unsigned short 
 Auto vars:     Size  Location     Type
  temp            2    4[COMMON] unsigned short 
 Return value:  Size  Location     Type
                  2    0[COMMON] unsigned short 
 Registers used:
		wreg, status,2, status,0, pclath, cstack
 Tracked objects:
		On entry : 
		On exit  : 
		Unchanged: 
 Data sizes:     COMMON   BANK0   BANK1   BANK3   BANK2
      Params:         2       0       0       0       0
      Locals:         2       0       0       0       0
      Temps:          2       0       0       0       0
      Totals:         6       0       0       0       0
Total ram usage:        6 bytes
 Hardware stack levels used:    1
 Hardware stack levels required when called:    1
 This function calls:
		_I2C_Master_Wait
 This function is called by:
		_main
 This function uses a non-reentrant model


 *************** function _I2C_Master_Wait *****************
 Defined at:
		line 32 in file "./I2Cmaestro.h"
 Parameters:    Size  Location     Type
		None
 Auto vars:     Size  Location     Type
		None
 Return value:  Size  Location     Type
                  1    wreg      void 
 Registers used:
		wreg, status,2
 Tracked objects:
		On entry : 
		On exit  : 
		Unchanged: 
 Data sizes:     COMMON   BANK0   BANK1   BANK3   BANK2
      Params:         0       0       0       0       0
      Locals:         0       0       0       0       0
      Temps:          0       0       0       0       0
      Totals:         0       0       0       0       0
Total ram usage:        0 bytes
 Hardware stack levels used:    1
 This function calls:
		Nothing
 This function is called by:
		_I2C_Master_Start
		_I2C_Master_Stop
		_I2C_Master_Write
		_I2C_Master_Read
 This function uses a non-reentrant model


 *************** function _I2C_Master_Init *****************
 Defined at:
		line 16 in file "./I2Cmaestro.h"
 Parameters:    Size  Location     Type
  c               4    0[BANK0 ] const unsigned long 
 Auto vars:     Size  Location     Type
		None
 Return value:  Size  Location     Type
                  1    wreg      void 
 Registers used:
		wreg, status,2, status,0, pclath, cstack
 Tracked objects:
		On entry : 
		On exit  : 
		Unchanged: 
 Data sizes:     COMMON   BANK0   BANK1   BANK3   BANK2
      Params:         0       4       0       0       0
      Locals:         0       0       0       0       0
      Temps:          0       4       0       0       0
      Totals:         0       8       0       0       0
Total ram usage:        8 bytes
 Hardware stack levels used:    1
 Hardware stack levels required when called:    1
 This function calls:
		___lldiv
 This function is called by:
		_main
 This function uses a non-reentrant model


 *************** function ___lldiv *****************
 Defined at:
		line 5 in file "C:\Program Files (x86)\Microchip\xc8\v2.10\pic\sources\c90\common\__lldiv.c"
 Parameters:    Size  Location     Type
  divisor         4    0[COMMON] unsigned long 
  dividend        4    4[COMMON] unsigned long 
 Auto vars:     Size  Location     Type
  quotient        4    9[COMMON] unsigned long 
  counter         1   13[COMMON] unsigned char 
 Return value:  Size  Location     Type
                  4    0[COMMON] unsigned long 
 Registers used:
		wreg, status,2, status,0
 Tracked objects:
		On entry : 
		On exit  : 
		Unchanged: 
 Data sizes:     COMMON   BANK0   BANK1   BANK3   BANK2
      Params:         8       0       0       0       0
      Locals:         5       0       0       0       0
      Temps:          1       0       0       0       0
      Totals:        14       0       0       0       0
Total ram usage:       14 bytes
 Hardware stack levels used:    1
 This function calls:
		Nothing
 This function is called by:
		_I2C_Master_Init
 This function uses a non-reentrant model



MODULE INFORMATION

Module		Function		Class		Link	Load	Size
C:\Program Files (x86)\Microchip\xc8\v2.10\pic\sources\c90\common\awdiv.c
		___awdiv       		CODE           	03B9	0000	104

C:\Program Files (x86)\Microchip\xc8\v2.10\pic\sources\c90\common\awdiv.c estimated size: 104

Carcelero.c
		_ultrasonico   		CODE           	0420	0000	141
		_celda         		CODE           	0244	0000	86
		_main          		CODE           	0660	0000	404
		_luces         		CODE           	0575	0000	236
		_setup         		CODE           	00E8	0000	19
		_humo          		CODE           	04AC	0000	202

Carcelero.c estimated size: 1088

C:\Program Files (x86)\Microchip\xc8\v2.10\pic\sources\c90\common\__lldiv.c
		___lldiv       		CODE           	0353	0000	103

C:\Program Files (x86)\Microchip\xc8\v2.10\pic\sources\c90\common\__lldiv.c estimated size: 103

./LCD.h
		_comando       		CODE           	010D	0000	21
		_borrarv       		CODE           	00FA	0000	20
		_iniciarLCD    		CODE           	01F0	0000	85
		_colocar       		CODE           	0135	0000	37
		_shift         		CODE           	00D7	0000	18
		_mostrar       		CODE           	0121	0000	21
		_imprimir      		CODE           	0187	0000	50

./LCD.h estimated size: 252

shared
		_a             		STRING         	0009	0000	11
		__stringtab    		STRING         	0003	0000	7
		__initialization		CODE           	07F3	0000	10

shared estimated size: 28

C:\Program Files (x86)\Microchip\xc8\v2.10\pic\sources\c90\common\awmod.c
		___awmod       		CODE           	0299	0000	90

C:\Program Files (x86)\Microchip\xc8\v2.10\pic\sources\c90\common\awmod.c estimated size: 90

./Oscilador.h
		_iniciarOSC    		CODE           	02F2	0000	98

./Oscilador.h estimated size: 98

./I2Cmaestro.h
		_I2C_Master_Read		CODE           	0159	0000	47
		_I2C_Master_Wait		CODE           	00CA	0000	14
		_I2C_Master_Init		CODE           	01B8	0000	57
		_I2C_Master_Stop		CODE           	00B7	0000	10
		_I2C_Master_Write		CODE           	00C0	0000	11
		_I2C_Master_Start		CODE           	00AE	0000	10

./I2Cmaestro.h estimated size: 149

